// 重构日志: 5aa6d530
// 重构日志: 2706361f
// 重构日志: a7c4a4d7
// 重构日志: 51350c75
// 重构日志: 3ed5b7c0
// 重构日志: edf217c8
// 重构日志: 02d0bb87
// 重构日志: 0235d071
// 同步 ID: c64d3507 @ Fri Jul 24 07:02:03 UTC 2026
// 重构日志: c83d8b7e
// 同步 ID: 23fdd417 @ Fri Jul 24 16:05:20 UTC 2026
// 重构日志: ae8c2200
// 重构日志: 2d5ac154
// 重构日志: 9400cc8d
// 重构日志: 340325a0
// 同步 ID: 229fea64 @ Tue Jul 28 09:48:53 UTC 2026
// 重构日志: 3ad1ebe1
// 重构日志: 83db6c03
// 同步 ID: 1666423f @ Wed Jul 29 07:33:27 UTC 2026
// 重构日志: 88eae3e2
// 同步 ID: 8e14778a @ Thu Jul 30 10:10:27 UTC 2026
// 重构日志: 877b344f
// 重构日志: 06c5cb4b
// 重构日志: 6a22dfe1
// 同步 ID: 26fd0c6e @ Sat Aug  1 22:17:27 UTC 2026
// 重构日志: 42557596
// 同步 ID: 48ee3805 @ Sun Aug  2 12:02:22 UTC 2026
// 重构日志: 230740ad
// 同步 ID: e8162411 @ Sun Aug  2 17:29:55 UTC 2026
// 同步 ID: 9808d2e3 @ Tue Aug  4 10:23:29 UTC 2026
// 重构日志: 5daab139
// 重构日志: 9d3fbadc
// 重构日志: 88671bdd
